[2026-04-27T14:50:13.565Z] Erro ao inserir Vendedor: E11000 duplicate key error collection: ecommerce.vendedores index: cnpj_1 dup key: { cnpj: "10112359781983" }
[2026-04-27T15:04:26.515Z] Erro ao inserir Vendedor: E11000 duplicate key error collection: ecommerce.vendedores index: cnpj_1 dup key: { cnpj: "10112359781980" }
[2026-04-27T16:23:05.545Z] Erro ao inserir Produto: E11000 duplicate key error collection: ecommerce.vendedores index: cnpj_1 dup key: { cnpj: "12112359782891" }
[2026-04-27T16:26:50.718Z] Erro ao inserir Produto: E11000 duplicate key error collection: ecommerce.vendedores index: cnpj_1 dup key: { cnpj: "12112359782897" }
[2026-04-27T16:38:35.890Z] Erro ao inserir Produto: result is not defined
[2026-04-27T16:41:59.519Z] Erro ao inserir Produto: E11000 duplicate key error collection: ecommerce.vendedores index: cnpj_1 dup key: { cnpj: "22622419787833" }
[2026-04-27T16:41:59.525Z] Erro ao inserir Produto: result is not defined
[2026-04-27T16:43:39.014Z] Erro ao inserir Produto: vendedor is not defined
[2026-04-27T16:44:29.026Z] Erro ao inserir Produto: vendedor is not defined
[2026-04-27T16:46:13.737Z] Erro ao inserir Produto: vendedor is not defined
[2026-04-27T16:51:57.799Z] Erro ao inserir Produto: vendedor is not defined
[2026-04-27T16:55:46.310Z] Erro ao inserir Produto: E11000 duplicate key error collection: ecommerce.vendedores index: cnpj_1 dup key: { cnpj: "12345678912345" }
[2026-04-27T16:56:25.509Z] Erro ao inserir Produto: E11000 duplicate key error collection: ecommerce.vendedores index: cnpj_1 dup key: { cnpj: "12345678912345" }
[2026-04-27T17:45:46.174Z] Erro ao inserir Produto: cnpj is not defined
[2026-04-27T17:50:03.301Z] Erro ao inserir Produto: E11000 duplicate key error collection: ecommerce.vendedores index: cnpj_1 dup key: { cnpj: "42345678912345" }
[2026-04-27T17:50:54.798Z] Erro ao inserir Produto: E11000 duplicate key error collection: ecommerce.vendedores index: cnpj_1 dup key: { cnpj: "52345678912345" }
[2026-04-27T17:58:20.789Z] Erro ao inserir Produto: Não foi possível vincular o produto ao vendedor especificado.
[2026-04-27T18:28:47.011Z] Erro ao inserir Produto: Selector must be a valid JavaScript object
[2026-04-27T18:32:48.630Z] Erro ao inserir Produto: E11000 duplicate key error collection: ecommerce.vendedores index: cnpj_1 dup key: { cnpj: "12345678912345" }
[2026-04-27T18:32:48.638Z] Erro ao inserir Cliente: E11000 duplicate key error collection: ecommerce.clientes index: cpf_1 dup key: { cpf: "11111111111" }
[2026-04-27T18:33:59.911Z] Erro ao inserir Produto: E11000 duplicate key error collection: ecommerce.vendedores index: cnpj_1 dup key: { cnpj: "22345678912345" }
[2026-04-27T18:33:59.915Z] Erro ao inserir Produto: Não foi possível vincular o produto ao vendedor especificado.
[2026-04-27T18:33:59.917Z] Erro ao inserir Cliente: E11000 duplicate key error collection: ecommerce.clientes index: cpf_1 dup key: { cpf: "21111111111" }
[2026-05-29T15:36:20.712Z] Erro ao inserir Produto: Não foi possível vincular o produto ao vendedor especificado.
[2026-05-29T20:07:54.905Z] Erro ao inserir Produto: E11000 duplicate key error collection: ecommerce.vendedores index: cnpj_1 dup key: { cnpj: "62345678912345" }
[2026-05-29T20:07:54.928Z] Erro ao inserir Produto: Não foi possível vincular o produto ao vendedor especificado.
[2026-05-29T20:07:54.931Z] Erro ao inserir Cliente: E11000 duplicate key error collection: ecommerce.clientes index: cpf_1 dup key: { cpf: "61111111111" }
[2026-05-29T20:08:51.835Z] Erro ao inserir Produto: E11000 duplicate key error collection: ecommerce.vendedores index: cnpj_1 dup key: { cnpj: "62345678912345" }
[2026-05-29T20:08:51.840Z] Erro ao inserir Produto: Não foi possível vincular o produto ao vendedor especificado.
[2026-05-29T20:08:51.842Z] Erro ao inserir Cliente: E11000 duplicate key error collection: ecommerce.clientes index: cpf_1 dup key: { cpf: "61111111111" }
[2026-05-30T20:42:21.225Z] Erro ao inserir Cliente: Cannot destructure property 'nome' of 'req.body' as it is undefined.
[2026-05-30T20:43:41.016Z] Erro ao inserir Cliente: Cannot destructure property 'nome' of 'req.body' as it is undefined.
[2026-05-30T20:44:16.488Z] Erro ao inserir Cliente: Cannot destructure property 'nome' of 'req.body' as it is undefined.
[2026-05-30T20:45:09.502Z] Erro ao inserir Cliente: Cannot destructure property 'nome' of 'req.body' as it is undefined.
[2026-05-30T20:45:42.490Z] Erro ao inserir Cliente: Cannot destructure property 'nome' of 'req.body' as it is undefined.
[2026-05-30T20:46:21.954Z] Erro ao inserir Cliente: Cannot destructure property 'nome' of 'req.body' as it is undefined.
[2026-05-30T20:46:22.571Z] Erro ao inserir Cliente: Cannot destructure property 'nome' of 'req.body' as it is undefined.
[2026-05-30T22:03:03.421Z] Erro ao inserir Cliente: Cannot destructure property 'nome' of 'req.body' as it is undefined.
[2026-05-30T22:05:27.265Z] Erro ao inserir Cliente: Cannot destructure property 'nome' of 'req.body' as it is undefined.
[2026-05-30T22:07:11.167Z] Erro ao inserir Cliente: Cannot read properties of undefined (reading 'nome')
[2026-05-30T22:07:12.212Z] Erro ao inserir Cliente: Cannot read properties of undefined (reading 'nome')
[2026-05-30T22:33:56.490Z] Erro ao inserir Cliente: res.write is not a function
[2026-05-30T22:34:07.946Z] Erro ao inserir Cliente: res.write is not a function
[2026-05-30T22:34:36.678Z] Erro ao inserir Cliente: res.write is not a function
[2026-05-30T22:34:36.859Z] Erro ao inserir Cliente: res.write is not a function
[2026-05-30T22:34:37.230Z] Erro ao inserir Cliente: res.write is not a function
[2026-05-30T22:34:37.450Z] Erro ao inserir Cliente: res.write is not a function
[2026-05-30T22:34:54.450Z] Erro ao inserir Cliente: res.write is not a function
[2026-05-30T22:36:45.625Z] Erro ao inserir Cliente: res.render is not a function
[2026-05-30T22:38:20.672Z] Erro ao inserir Cliente: Cannot read properties of undefined (reading 'nome')
[2026-05-30T22:41:54.829Z] Erro ao inserir Cliente: Cannot destructure property 'nome' of 'req.body' as it is undefined.
[2026-05-30T22:42:25.061Z] Erro ao inserir Cliente: Cannot destructure property 'nome' of 'req.body' as it is undefined.
[2026-05-30T22:47:18.104Z] Erro ao inserir Produto: E11000 duplicate key error collection: ecommerce.vendedores index: cnpj_1 dup key: { cnpj: "11345678912345" }
[2026-05-30T22:47:18.119Z] Erro ao inserir Cliente: E11000 duplicate key error collection: ecommerce.clientes index: cpf_1 dup key: { cpf: "12111111111" }
[2026-05-30T22:53:27.565Z] Erro ao inserir Produto: E11000 duplicate key error collection: ecommerce.vendedores index: cnpj_1 dup key: { cnpj: "11345678912345" }
[2026-05-30T22:53:27.575Z] Erro ao inserir Cliente: E11000 duplicate key error collection: ecommerce.clientes index: cpf_1 dup key: { cpf: "12111111111" }
[2026-05-31T00:32:52.635Z] Erro ao inserir Cliente: Cannot destructure property 'nome' of 'req.body' as it is undefined.
[2026-05-31T01:15:49.421Z] Erro ao inserir Cliente: Cannot destructure property 'nome' of 'req.body' as it is undefined.
[2026-05-31T01:17:18.420Z] Erro ao inserir Cliente: Cannot read properties of undefined (reading 'nome')
[2026-05-31T01:17:26.580Z] Erro ao inserir Cliente: Cannot read properties of undefined (reading 'nome')
[2026-05-31T01:17:39.204Z] Erro ao inserir Cliente: Cannot read properties of undefined (reading 'nome')
[2026-05-31T01:17:46.487Z] Erro ao inserir Cliente: Cannot read properties of undefined (reading 'nome')
[2026-05-31T01:20:19.542Z] Erro ao inserir Cliente: Cannot read properties of undefined (reading 'nome')
[2026-06-01T12:49:12.526Z] Erro ao inserir Cliente: O nome do cliente é obrigatório.
[2026-06-01T12:49:44.428Z] Erro ao inserir Cliente: O nome do cliente é obrigatório.
[2026-06-01T12:49:55.160Z] Erro ao inserir Cliente: O CPF do cliente é obrigatório.
[2026-06-01T12:51:40.170Z] Erro ao inserir Cliente: E11000 duplicate key error collection: ecommerce.clientes index: cpf_1 dup key: { cpf: "12369874511" }
[2026-06-01T12:51:51.097Z] Erro ao inserir Cliente: O CPF é inválido, pois possui letras ou não possui 11 caracteres.
[2026-06-01T12:52:27.870Z] Erro ao inserir Cliente: O CPF é inválido, pois possui letras ou não possui 11 caracteres.
[2026-06-01T12:53:00.986Z] Erro ao inserir Cliente: O CPF é inválido, pois possui letras ou não possui 11 caracteres.
[2026-06-01T13:26:37.845Z] Erro ao inserir Cliente: prompt is not defined
[2026-06-01T13:27:18.915Z] Erro ao inserir Cliente: E11000 duplicate key error collection: ecommerce.clientes index: cpf_1 dup key: { cpf: "13131313245" }
[2026-06-01T13:27:23.754Z] Erro ao inserir Cliente: alert is not defined
[2026-06-01T13:27:29.972Z] Erro ao inserir Cliente: alert is not defined
[2026-06-01T13:28:45.031Z] Erro ao inserir Cliente: E11000 duplicate key error collection: ecommerce.clientes index: cpf_1 dup key: { cpf: "13131313245" }
[2026-06-01T13:30:18.939Z] Erro ao inserir Cliente: O nome do cliente é obrigatório.
[2026-06-01T13:32:03.740Z] Erro ao inserir Cliente: cliente is not defined
[2026-06-01T13:32:18.915Z] Erro ao inserir Cliente: cliente is not defined
[2026-06-01T13:32:21.137Z] Erro ao inserir Cliente: cliente is not defined
[2026-06-01T13:32:33.132Z] Erro ao inserir Cliente: E11000 duplicate key error collection: ecommerce.clientes index: cpf_1 dup key: { cpf: "02695678911" }
[2026-06-01T13:32:43.512Z] Erro ao inserir Cliente: cliente is not defined
[2026-06-01T13:33:50.611Z] Erro ao inserir Cliente: cpfCadastrado is not defined
[2026-06-01T13:33:53.931Z] Erro ao inserir Cliente: E11000 duplicate key error collection: ecommerce.clientes index: cpf_1 dup key: { cpf: "02695678911" }
[2026-06-01T13:34:09.293Z] Erro ao inserir Cliente: cpfCadastrado is not defined
[2026-06-01T13:34:39.860Z] Erro ao inserir Cliente: E11000 duplicate key error collection: ecommerce.clientes index: cpf_1 dup key: { cpf: "02695678911" }
[2026-06-01T13:35:55.720Z] Erro ao inserir Cliente: E11000 duplicate key error collection: ecommerce.clientes index: cpf_1 dup key: { cpf: "02695678911" }
[2026-06-01T13:36:51.785Z] Erro ao inserir Cliente: E11000 duplicate key error collection: ecommerce.clientes index: cpf_1 dup key: { cpf: "02695678911" }
[2026-06-01T13:43:25.162Z] Erro ao inserir Cliente: E11000 duplicate key error collection: ecommerce.clientes index: cpf_1 dup key: { cpf: "02695678911" }
[2026-06-01T13:43:33.809Z] Erro ao inserir Cliente: Cannot read properties of null (reading 'cpf')
[2026-06-01T13:45:26.090Z] Erro ao inserir Cliente: Cannot read properties of null (reading 'cpf')
[2026-06-01T13:46:32.616Z] Erro ao inserir Cliente: E11000 duplicate key error collection: ecommerce.clientes index: cpf_1 dup key: { cpf: "05051983437" }
[2026-06-01T14:36:06.366Z] Erro ao inserir Cliente: E11000 duplicate key error collection: ecommerce.clientes index: cpf_1 dup key: { cpf: "98745632101" }
[2026-06-01T14:39:36.339Z] Erro ao inserir Cliente: E11000 duplicate key error collection: ecommerce.clientes index: cpf_1 dup key: { cpf: "78945612300" }
[2026-06-01T15:08:37.236Z] Erro ao inserir Cliente: E11000 duplicate key error collection: ecommerce.clientes index: cpf_1 dup key: { cpf: "12345678903" }
[2026-06-01T15:18:24.863Z] Erro ao inserir Cliente: Cannot read properties of undefined (reading 'cpf')
[2026-06-01T15:20:04.925Z] Erro ao inserir Cliente: Cannot read properties of undefined (reading 'cpf')
[2026-06-01T15:42:37.413Z] Erro ao inserir Produto: E11000 duplicate key error collection: ecommerce.vendedores index: cnpj_1 dup key: { cnpj: "12345678912345" }
[2026-06-01T15:49:47.145Z] Erro ao inserir Produto: E11000 duplicate key error collection: ecommerce.vendedores index: cnpj_1 dup key: { cnpj: "12345678912340" }
[2026-06-01T15:52:52.853Z] Erro ao inserir Produto: E11000 duplicate key error collection: ecommerce.vendedores index: cnpj_1 dup key: { cnpj: "12345678912340" }
[2026-06-01T15:56:22.069Z] Erro ao inserir Produto: Cannot read properties of null (reading 'cnpj')
[2026-06-01T15:56:24.214Z] Erro ao inserir Produto: Cannot read properties of null (reading 'cnpj')
[2026-06-01T15:56:57.177Z] Erro ao inserir Produto: A senha do cliente é obrigatória.
[2026-06-01T15:56:59.845Z] Erro ao inserir Produto: A senha do cliente é obrigatória.
[2026-06-01T15:58:24.601Z] Erro ao inserir Produto: A senha do cliente é obrigatória.
[2026-06-01T16:17:51.549Z] Erro ao inserir Produto: Cannot read properties of undefined (reading 'cnpj')
[2026-06-01T16:20:17.037Z] Erro ao inserir Produto: O preço deve ser um número.
[2026-06-01T16:20:55.397Z] Erro ao inserir Produto: O preço deve ser um número.
[2026-06-01T16:21:28.323Z] Erro ao inserir Produto: O preço deve ser um número.
[2026-06-01T16:22:54.020Z] Erro ao inserir Produto: O preço deve ser um número.
[2026-06-01T16:22:59.148Z] Erro ao inserir Produto: O preço deve ser um número.
[2026-06-01T17:37:26.250Z] Erro ao inserir Produto: O preço deve ser um número.
[2026-06-01T17:38:19.540Z] Erro ao inserir Vendedor: E11000 duplicate key error collection: ecommerce.vendedores index: cnpj_1 dup key: { cnpj: "12345678912341" }
[2026-06-01T17:38:38.817Z] Erro ao inserir Produto: O preço deve ser um número.
[2026-06-01T17:46:14.315Z] Erro ao inserir Vendedor: E11000 duplicate key error collection: ecommerce.vendedores index: cnpj_1 dup key: { cnpj: "98765432101230" }
[2026-06-01T17:46:39.223Z] Erro ao inserir Produto: O preço deve ser um número.
[2026-06-01T17:51:32.853Z] Erro ao inserir Produto: O preço deve ser um número.
[2026-06-01T17:52:30.995Z] Erro ao inserir Vendedor: E11000 duplicate key error collection: ecommerce.vendedores index: cnpj_1 dup key: { cnpj: "98745632100123" }
[2026-06-01T17:53:28.231Z] Erro ao inserir Produto: O preço deve ser um número.
[2026-06-01T17:56:01.084Z] Erro ao inserir Produto: O preço deve ser um número.
[2026-06-01T17:57:15.510Z] Erro ao inserir Produto: O preço deve ser um número.
[2026-06-01T18:02:34.060Z] Erro ao inserir Produto: O preço deve ser um número.
